# Find a path with Dijkstra's algorithm when
# there are two paths possible

created graph simpleGraph

added node A to simpleGraph
added node B to simpleGraph

added edge 3.000 from A to B in simpleGraph
added edge 1.000 from A to B in simpleGraph

unknown: C